// Jest Snapshot v1, https://goo.gl/fbAQLP

exports[`should pass glam object prop 1`] = `
.css-1468hcz,
[data-css-1468hcz] {
  margin-left: 24px;
  font-size: 20px;
}

<div
  class="css-1468hcz"
  id="hey-there"
/>
`;
